[albionrooftop.com.au/index.html]
[backblue.gif]
[fade.gif]
[index.html]
[albionrooftop.com.au/cart.html]
[albionrooftop.com.au/rooftop-bar.html]
[albionrooftop.com.au/club.html]
[albionrooftop.com.au/function-venue-south-melbourne.html]
[albionrooftop.com.au/corporate-function-venue-south-melbourne.html]
[albionrooftop.com.au/birthday-venue-south-melbourne.html]
[albionrooftop.com.au/hens-party-venue-south-melbourne.html]
[albionrooftop.com.au/wedding-venue-south-melbourne.html]
[albionrooftop.com.au/whats-on.html]
[albionrooftop.com.au/bottomless.html]
[albionrooftop.com.au/creative-venue-hire.html]
[albionrooftop.com.au/careers.html]
[albionrooftop.com.au/contact.html]
[albionrooftop.com.au/reservations.html]
[albionrooftop.com.au/whats-on/social-supper.html]
[albionrooftop.com.au/whats-on/saturday-in-the-sky.html]
[albionrooftop.com.au/whats-on/happy-hour.html]
[albionrooftop.com.au/whats-on/hens-packages.html]
[albionrooftop.com.au/whats-on/spritz-special.html]
[albionrooftop.com.au/whats-on/oye-latino.html]
[albionrooftop.com.au/whats-on/alumbra-saturdays.html]
[albionrooftop.com.au/newsletter.html]
[albionrooftop.com.au/index.html]
[albionrooftop.com.au/cart.html]
[albionrooftop.com.au/rooftop-bar.html]
[albionrooftop.com.au/club.html]
[albionrooftop.com.au/privacy-policy.html]
[albionrooftop.com.au/function-venue-south-melbourne.html]
[albionrooftop.com.au/corporate-function-venue-south-melbourne.html]
[albionrooftop.com.au/birthday-venue-south-melbourne.html]
[albionrooftop.com.au/hens-party-venue-south-melbourne.html]
[albionrooftop.com.au/wedding-venue-south-melbourne.html]
[albionrooftop.com.au/whats-on/social-supperd859]
[albionrooftop.com.au/whats-on/saturday-in-the-skyd859]
[albionrooftop.com.au/whats-on/happy-hourd859]
[albionrooftop.com.au/whats-on/hens-packagesd859]
[albionrooftop.com.au/whats-on/spritz-speciald859]
[albionrooftop.com.au/whats-on/oye-latinod859]
[albionrooftop.com.au/whats-on/alumbra-saturdaysd859]
[albionrooftop.com.au/whats-on.html]
[albionrooftop.com.au/bottomless.html]
[albionrooftop.com.au/creative-venue-hire.html]
[albionrooftop.com.au/careers.html]
[albionrooftop.com.au/contact.html]
[albionrooftop.com.au/reservations.html]
[albionrooftop.com.au/whats-on/social-supper.html]
[albionrooftop.com.au/whats-on/saturday-in-the-sky.html]
[albionrooftop.com.au/whats-on/happy-hour.html]
[albionrooftop.com.au/whats-on/hens-packages.html]
[albionrooftop.com.au/whats-on/spritz-special.html]
[albionrooftop.com.au/whats-on/oye-latino.html]
[albionrooftop.com.au/whats-on/alumbra-saturdays.html]
[albionrooftop.com.au/newsletter.html]
[albionrooftop.com.au/privacy-policy.html]
